.\gradlew.bat : 
At line:1 char:1
+ .\gradlew.bat 
classes > 
compile_output.txt 
2>&1
+ ~~~~~~~~~~~~~~~~~~~~
~~~~~~~~~~~~~~~~~~~~~~
~~~~~
    + CategoryInfo    
          : NotSpeci  
  fied: (:String) [   
 ], RemoteExceptio    
n
    + FullyQualifiedE 
   rrorId : NativeCo  
  mmandError
 
FAILURE: Build failed 
with an exception.

* What went wrong:
Could not determine 
the dependencies of 
task ':compileJava'.
> Could not resolve 
all dependencies for 
configuration 
':compileClasspath'.
   > Failed to 
calculate the value 
of task 
':compileJava' 
property 
'javaCompiler'.
      > Cannot find a 
Java installation on 
your machine (Windows 
10 10.0 amd64) 
matching: 
{languageVersion=17, 
vendor=any vendor, imp
lementation=vendor-spe
cific, nativeImageCapa
ble=false}. Toolchain 
download repositories 
have not been 
configured.

* Try:
> Learn more about 
toolchain 
auto-detection and 
auto-provisioning at h
ttps://docs.gradle.org
/9.3.1/userguide/toolc
hains.html#sec:auto_de
tection.
> Learn more about 
toolchain 
repositories at https:
//docs.gradle.org/9.3.
1/userguide/toolchains
.html#sub:download_rep
ositories.
> Run with 
--stacktrace option 
to get the stack 
trace.
> Run with --info or 
--debug option to get 
more log output.
> Run with --scan to 
get full insights 
from a Build Scan 
(powered by 
Develocity).
> Get more help at htt
ps://help.gradle.org.

BUILD FAILED in 3s
